c:\users\brand\desktop\gamedev\ob\xobse\tes4-crash-logger\crashloggerhelper\release\vc143.pdb
c:\users\brand\desktop\gamedev\ob\xobse\tes4-crash-logger\crashloggerhelper\release\crashloggerhelper.obj
c:\users\brand\desktop\gamedev\ob\xobse\tes4-crash-logger\crashloggerhelper\release\sharedmem.obj
c:\users\brand\desktop\gamedev\ob\xobse\tes4-crash-logger\crashloggerhelper\release\pdb.obj
c:\users\brand\desktop\gamedev\ob\xobse\tes4-crash-logger\crashloggerhelper\release\memoryprobe.obj
c:\users\brand\desktop\gamedev\ob\xobse\tes4-crash-logger\crashloggerhelper\release\crashloggerapi.obj
c:\users\brand\desktop\gamedev\ob\xobse\tes4-crash-logger\crashloggerhelper\release\utilities.obj
c:\users\brand\desktop\gamedev\ob\xobse\tes4-crash-logger\crashlogger\release\crashloggerhelper.exe
c:\users\brand\desktop\gamedev\ob\xobse\tes4-crash-logger\crashlogger\release\crashloggerhelper.pdb
c:\users\brand\desktop\gamedev\ob\xobse\tes4-crash-logger\crashloggerhelper\release\crashloggerhelper.res
c:\users\brand\desktop\gamedev\ob\xobse\tes4-crash-logger\crashloggerhelper\release\crashloggerhelper.ipdb
c:\users\brand\desktop\gamedev\ob\xobse\tes4-crash-logger\crashloggerhelper\release\crashloggerhelper.iobj
c:\users\brand\desktop\gamedev\ob\xobse\tes4-crash-logger\crashloggerhelper\release\crashlog.5c21bd64.tlog\cl.command.1.tlog
c:\users\brand\desktop\gamedev\ob\xobse\tes4-crash-logger\crashloggerhelper\release\crashlog.5c21bd64.tlog\cl.items.tlog
c:\users\brand\desktop\gamedev\ob\xobse\tes4-crash-logger\crashloggerhelper\release\crashlog.5c21bd64.tlog\cl.read.1.tlog
c:\users\brand\desktop\gamedev\ob\xobse\tes4-crash-logger\crashloggerhelper\release\crashlog.5c21bd64.tlog\cl.write.1.tlog
c:\users\brand\desktop\gamedev\ob\xobse\tes4-crash-logger\crashloggerhelper\release\crashlog.5c21bd64.tlog\link.command.1.tlog
c:\users\brand\desktop\gamedev\ob\xobse\tes4-crash-logger\crashloggerhelper\release\crashlog.5c21bd64.tlog\link.read.1.tlog
c:\users\brand\desktop\gamedev\ob\xobse\tes4-crash-logger\crashloggerhelper\release\crashlog.5c21bd64.tlog\link.secondary.1.tlog
c:\users\brand\desktop\gamedev\ob\xobse\tes4-crash-logger\crashloggerhelper\release\crashlog.5c21bd64.tlog\link.write.1.tlog
c:\users\brand\desktop\gamedev\ob\xobse\tes4-crash-logger\crashloggerhelper\release\crashlog.5c21bd64.tlog\rc.command.1.tlog
c:\users\brand\desktop\gamedev\ob\xobse\tes4-crash-logger\crashloggerhelper\release\crashlog.5c21bd64.tlog\rc.read.1.tlog
c:\users\brand\desktop\gamedev\ob\xobse\tes4-crash-logger\crashloggerhelper\release\crashlog.5c21bd64.tlog\rc.write.1.tlog
